Java HotSpot(TM) 64-Bit Server VM (25.201-b09) for windows-amd64 JRE (1.8.0_201-b09), built on Dec 15 2018 18:36:39 by "java_re" with MS VC++ 10.0 (VS2010)
Memory: 4k page, physical 41801060k(24914680k free), swap 47830372k(27731128k free)
CommandLine flags: -XX:InitialHeapSize=1073741824 -XX:MaxHeapSize=1073741824 -XX:+PrintGC -XX:+PrintGCDateStamps -XX:+PrintGCDetails -XX:+PrintGCTimeStamps -XX:+UseCompressedClassPointers -XX:+UseCompressedOops -XX:-UseLargePagesIndividualAllocation -XX:+UseSerialGC 
2022-03-05T10:33:06.482+0800: 0.345: [GC (Allocation Failure) 2022-03-05T10:33:06.483+0800: 0.346: [DefNew: 279616K->34944K(314560K), 0.0365741 secs] 279616K->76775K(1013632K), 0.0376989 secs] [Times: user=0.03 sys=0.01, real=0.04 secs] 
2022-03-05T10:33:06.555+0800: 0.417: [GC (Allocation Failure) 2022-03-05T10:33:06.555+0800: 0.417: [DefNew: 314560K->34943K(314560K), 0.0585398 secs] 356391K->165584K(1013632K), 0.0585906 secs] [Times: user=0.05 sys=0.02, real=0.06 secs] 
2022-03-05T10:33:06.642+0800: 0.505: [GC (Allocation Failure) 2022-03-05T10:33:06.642+0800: 0.505: [DefNew: 314559K->34942K(314560K), 0.0400630 secs] 445200K->248824K(1013632K), 0.0401185 secs] [Times: user=0.02 sys=0.02, real=0.04 secs] 
2022-03-05T10:33:06.711+0800: 0.574: [GC (Allocation Failure) 2022-03-05T10:33:06.711+0800: 0.574: [DefNew: 314558K->34941K(314560K), 0.0353461 secs] 528440K->324138K(1013632K), 0.0354001 secs] [Times: user=0.02 sys=0.02, real=0.04 secs] 
2022-03-05T10:33:06.778+0800: 0.641: [GC (Allocation Failure) 2022-03-05T10:33:06.778+0800: 0.641: [DefNew: 314515K->34943K(314560K), 0.0366060 secs] 603712K->400549K(1013632K), 0.0366606 secs] [Times: user=0.03 sys=0.02, real=0.04 secs] 
2022-03-05T10:33:06.844+0800: 0.707: [GC (Allocation Failure) 2022-03-05T10:33:06.844+0800: 0.708: [DefNew: 314559K->34943K(314560K), 0.0340266 secs] 680165K->472727K(1013632K), 0.0340780 secs] [Times: user=0.02 sys=0.02, real=0.03 secs] 
2022-03-05T10:33:06.907+0800: 0.770: [GC (Allocation Failure) 2022-03-05T10:33:06.907+0800: 0.770: [DefNew: 314559K->34942K(314560K), 0.0373576 secs] 752343K->552768K(1013632K), 0.0374102 secs] [Times: user=0.00 sys=0.03, real=0.04 secs] 
2022-03-05T10:33:06.975+0800: 0.838: [GC (Allocation Failure) 2022-03-05T10:33:06.975+0800: 0.838: [DefNew: 314558K->34941K(314560K), 0.0350977 secs] 832384K->627164K(1013632K), 0.0351501 secs] [Times: user=0.03 sys=0.00, real=0.04 secs] 
2022-03-05T10:33:07.040+0800: 0.903: [GC (Allocation Failure) 2022-03-05T10:33:07.040+0800: 0.903: [DefNew: 314344K->34943K(314560K), 0.0372997 secs] 906567K->707313K(1013632K), 0.0373463 secs] [Times: user=0.02 sys=0.01, real=0.04 secs] 
2022-03-05T10:33:07.109+0800: 0.972: [GC (Allocation Failure) 2022-03-05T10:33:07.109+0800: 0.972: [DefNew: 314559K->314559K(314560K), 0.0000136 secs]2022-03-05T10:33:07.109+0800: 0.972: [Tenured: 672369K->380938K(699072K), 0.0495630 secs] 986929K->380938K(1013632K), [Metaspace: 3115K->3115K(1056768K)], 0.0496340 secs] [Times: user=0.05 sys=0.00, real=0.05 secs] 
2022-03-05T10:33:07.187+0800: 1.050: [GC (Allocation Failure) 2022-03-05T10:33:07.187+0800: 1.050: [DefNew: 279205K->34943K(314560K), 0.0110985 secs] 660143K->460438K(1013632K), 0.0111423 secs] [Times: user=0.00 sys=0.00, real=0.01 secs] 
2022-03-05T10:33:07.231+0800: 1.094: [GC (Allocation Failure) 2022-03-05T10:33:07.231+0800: 1.094: [DefNew: 314559K->34943K(314560K), 0.0139617 secs] 740054K->535374K(1013632K), 0.0140029 secs] [Times: user=0.02 sys=0.00, real=0.01 secs] 
2022-03-05T10:33:07.281+0800: 1.144: [GC (Allocation Failure) 2022-03-05T10:33:07.281+0800: 1.144: [DefNew: 314559K->34942K(314560K), 0.0158335 secs] 814990K->611738K(1013632K), 0.0158778 secs] [Times: user=0.02 sys=0.00, real=0.02 secs] 
2022-03-05T10:33:07.330+0800: 1.194: [GC (Allocation Failure) 2022-03-05T10:33:07.330+0800: 1.194: [DefNew: 314558K->34943K(314560K), 0.0144739 secs] 891354K->688615K(1013632K), 0.0145141 secs] [Times: user=0.02 sys=0.00, real=0.02 secs] 
Heap
 def new generation   total 314560K, used 46123K [0x00000000c0000000, 0x00000000d5550000, 0x00000000d5550000)
  eden space 279616K,   3% used [0x00000000c0000000, 0x00000000c0aeb048, 0x00000000d1110000)
  from space 34944K,  99% used [0x00000000d3330000, 0x00000000d554fd58, 0x00000000d5550000)
  to   space 34944K,   0% used [0x00000000d1110000, 0x00000000d1110000, 0x00000000d3330000)
 tenured generation   total 699072K, used 653671K [0x00000000d5550000, 0x0000000100000000, 0x0000000100000000)
   the space 699072K,  93% used [0x00000000d5550000, 0x00000000fd3a9ed0, 0x00000000fd3aa000, 0x0000000100000000)
 Metaspace       used 3122K, capacity 4556K, committed 4864K, reserved 1056768K
  class space    used 332K, capacity 392K, committed 512K, reserved 1048576K
